// Jest Snapshot v1, https://goo.gl/fbAQLP

exports[`Should check component output against snapshot 1`] = `
<div>
  <div>
    Hello 1
  </div>
  <div>
    Hello 2
  </div>
</div>
`;
